// Jest Snapshot v1, https://jestjs.io/docs/snapshot-testing

exports[`Swagger Schema E2E API 계약 스냅샷 components/schemas가 변경되면 스냅샷이 깨져야 한다 1`] = `
{
  "CursorPaginationMetaDto": {
    "properties": {
      "hasMore": {
        "example": true,
        "type": "boolean",
      },
      "limit": {
        "example": 20,
        "type": "number",
      },
      "links": {
        "$ref": "#/components/schemas/PaginationLinksDto",
      },
      "nextCursor": {
        "example": "eyJpZCI6MTAwfQ==",
        "nullable": true,
        "type": "object",
      },
      "previousCursor": {
        "example": null,
        "nullable": true,
        "type": "object",
      },
      "totalCount": {
        "example": 150,
        "type": "number",
      },
      "type": {
        "enum": [
          "cursor",
        ],
        "example": "cursor",
        "type": "string",
      },
    },
    "required": [
      "type",
      "nextCursor",
      "previousCursor",
      "hasMore",
      "limit",
    ],
    "type": "object",
  },
  "ErrorDetailDto": {
    "properties": {
      "code": {
        "example": "BAD_REQUEST",
        "type": "string",
      },
      "details": {
        "example": [
          "email must be an email",
          "name should not be empty",
        ],
        "type": "object",
      },
      "message": {
        "example": "Validation failed",
        "type": "string",
      },
    },
    "required": [
      "code",
      "message",
    ],
    "type": "object",
  },
  "ErrorResponseMetaDto": {
    "properties": {
      "responseTime": {
        "description": "Response time in milliseconds",
        "example": 42,
        "type": "number",
      },
    },
    "type": "object",
  },
  "PaginationLinksDto": {
    "properties": {
      "first": {
        "example": "/api/users?page=1&limit=20",
        "type": "string",
      },
      "last": {
        "example": "/api/users?page=5&limit=20",
        "nullable": true,
        "type": "object",
      },
      "next": {
        "example": "/api/users?page=3&limit=20",
        "nullable": true,
        "type": "object",
      },
      "prev": {
        "example": "/api/users?page=1&limit=20",
        "nullable": true,
        "type": "object",
      },
      "self": {
        "example": "/api/users?page=2&limit=20",
        "type": "string",
      },
    },
    "required": [
      "self",
      "first",
      "prev",
      "next",
      "last",
    ],
    "type": "object",
  },
  "PaginationMetaDto": {
    "properties": {
      "hasNext": {
        "example": true,
        "type": "boolean",
      },
      "hasPrev": {
        "example": false,
        "type": "boolean",
      },
      "limit": {
        "example": 20,
        "type": "number",
      },
      "links": {
        "$ref": "#/components/schemas/PaginationLinksDto",
      },
      "page": {
        "example": 1,
        "type": "number",
      },
      "total": {
        "example": 100,
        "type": "number",
      },
      "totalPages": {
        "example": 5,
        "type": "number",
      },
      "type": {
        "enum": [
          "offset",
        ],
        "example": "offset",
        "type": "string",
      },
    },
    "required": [
      "page",
      "limit",
      "total",
      "totalPages",
      "hasNext",
      "hasPrev",
    ],
    "type": "object",
  },
  "ProblemDetailsDto": {
    "properties": {
      "code": {
        "description": "Machine-readable error code (extension member)",
        "example": "NOT_FOUND",
        "type": "string",
      },
      "detail": {
        "description": "Human-readable explanation",
        "example": "User with ID 123 not found",
        "type": "string",
      },
      "details": {
        "description": "Validation details (extension member)",
        "example": [
          "email must be an email",
        ],
        "type": "object",
      },
      "instance": {
        "description": "URI identifying the specific occurrence",
        "example": "/api/users/123",
        "type": "string",
      },
      "meta": {
        "allOf": [
          {
            "$ref": "#/components/schemas/ErrorResponseMetaDto",
          },
        ],
        "description": "Response metadata (extension member)",
      },
      "requestId": {
        "description": "Request tracking ID (extension member)",
        "example": "550e8400-e29b-41d4-a716-446655440000",
        "type": "string",
      },
      "status": {
        "description": "HTTP status code",
        "example": 404,
        "type": "number",
      },
      "title": {
        "description": "Short human-readable summary",
        "example": "Not Found",
        "type": "string",
      },
      "type": {
        "description": "URI identifying the problem type (RFC 9457)",
        "example": "https://api.example.com/problems/not-found",
        "type": "string",
      },
    },
    "required": [
      "type",
      "title",
      "status",
      "detail",
      "instance",
    ],
    "type": "object",
  },
  "ResponseMetaDto": {
    "properties": {
      "filters": {
        "description": "Applied filters",
        "example": {
          "status": "active",
        },
        "type": "object",
      },
      "message": {
        "description": "Custom response message",
        "example": "Users fetched successfully",
        "type": "string",
      },
      "pagination": {
        "oneOf": [
          {
            "$ref": "#/components/schemas/PaginationMetaDto",
          },
          {
            "$ref": "#/components/schemas/CursorPaginationMetaDto",
          },
        ],
      },
      "responseTime": {
        "description": "Response time in milliseconds",
        "example": 42,
        "type": "number",
      },
      "sort": {
        "allOf": [
          {
            "$ref": "#/components/schemas/SortMetaDto",
          },
        ],
        "description": "Applied sort criteria",
      },
    },
    "type": "object",
  },
  "SafeErrorResponseDto": {
    "properties": {
      "error": {
        "$ref": "#/components/schemas/ErrorDetailDto",
      },
      "meta": {
        "$ref": "#/components/schemas/ErrorResponseMetaDto",
      },
      "path": {
        "example": "/api/users",
        "type": "string",
      },
      "requestId": {
        "example": "550e8400-e29b-41d4-a716-446655440000",
        "type": "string",
      },
      "statusCode": {
        "example": 400,
        "type": "number",
      },
      "success": {
        "example": false,
        "type": "boolean",
      },
      "timestamp": {
        "example": "2025-03-21T12:00:00.000Z",
        "type": "string",
      },
    },
    "required": [
      "success",
      "statusCode",
      "error",
    ],
    "type": "object",
  },
  "SafeSuccessResponseDto": {
    "properties": {
      "code": {
        "description": "Custom success code",
        "example": "OK",
        "type": "string",
      },
      "meta": {
        "$ref": "#/components/schemas/ResponseMetaDto",
      },
      "path": {
        "example": "/api/users",
        "type": "string",
      },
      "requestId": {
        "example": "550e8400-e29b-41d4-a716-446655440000",
        "type": "string",
      },
      "statusCode": {
        "example": 200,
        "type": "number",
      },
      "success": {
        "example": true,
        "type": "boolean",
      },
      "timestamp": {
        "example": "2025-03-21T12:00:00.000Z",
        "type": "string",
      },
    },
    "required": [
      "success",
      "statusCode",
    ],
    "type": "object",
  },
  "SortMetaDto": {
    "properties": {
      "field": {
        "description": "Sort field name",
        "example": "createdAt",
        "type": "string",
      },
      "order": {
        "description": "Sort order",
        "enum": [
          "asc",
          "desc",
        ],
        "example": "desc",
        "type": "string",
      },
    },
    "required": [
      "field",
      "order",
    ],
    "type": "object",
  },
  "UserDto": {
    "properties": {
      "id": {
        "example": 1,
        "type": "number",
      },
      "name": {
        "example": "John",
        "type": "string",
      },
    },
    "required": [
      "id",
      "name",
    ],
    "type": "object",
  },
}
`;

exports[`Swagger Schema E2E API 계약 스냅샷 전체 paths 구조가 변경되면 스냅샷이 깨져야 한다 1`] = `
{
  "/swagger-test/basic": {
    "get": {
      "operationId": "SwaggerTestController_basic",
      "parameters": [],
      "responses": {
        "200": {
          "content": {
            "application/json": {
              "schema": {
                "allOf": [
                  {
                    "$ref": "#/components/schemas/SafeSuccessResponseDto",
                  },
                ],
              },
            },
          },
          "description": "Successful response",
        },
      },
      "tags": [
        "SwaggerTest",
      ],
    },
  },
  "/swagger-test/basic-custom": {
    "get": {
      "operationId": "SwaggerTestController_basicCustom",
      "parameters": [],
      "responses": {
        "201": {
          "content": {
            "application/json": {
              "schema": {
                "allOf": [
                  {
                    "$ref": "#/components/schemas/SafeSuccessResponseDto",
                  },
                ],
              },
            },
          },
          "description": "Custom description",
        },
      },
      "tags": [
        "SwaggerTest",
      ],
    },
  },
  "/swagger-test/coexist": {
    "get": {
      "operationId": "SwaggerTestController_coexist",
      "parameters": [],
      "responses": {
        "200": {
          "content": {
            "application/json": {
              "schema": {
                "allOf": [
                  {
                    "$ref": "#/components/schemas/SafeSuccessResponseDto",
                  },
                  {
                    "properties": {
                      "data": {
                        "$ref": "#/components/schemas/UserDto",
                      },
                      "success": {
                        "example": true,
                        "type": "boolean",
                      },
                    },
                  },
                ],
              },
            },
          },
          "description": "Successful response",
        },
        "401": {
          "content": {
            "application/json": {
              "schema": {
                "allOf": [
                  {
                    "$ref": "#/components/schemas/SafeErrorResponseDto",
                  },
                  {
                    "properties": {
                      "error": {
                        "properties": {
                          "code": {
                            "example": "UNAUTHORIZED",
                            "type": "string",
                          },
                          "message": {
                            "example": "An error occurred",
                            "type": "string",
                          },
                        },
                        "type": "object",
                      },
                      "statusCode": {
                        "example": 401,
                        "type": "number",
                      },
                      "success": {
                        "example": false,
                        "type": "boolean",
                      },
                    },
                  },
                ],
              },
            },
          },
          "description": "Error response (401)",
        },
        "404": {
          "content": {
            "application/json": {
              "schema": {
                "allOf": [
                  {
                    "$ref": "#/components/schemas/SafeErrorResponseDto",
                  },
                  {
                    "properties": {
                      "error": {
                        "properties": {
                          "code": {
                            "example": "NOT_FOUND",
                            "type": "string",
                          },
                          "message": {
                            "example": "Resource not found",
                            "type": "string",
                          },
                        },
                        "type": "object",
                      },
                      "statusCode": {
                        "example": 404,
                        "type": "number",
                      },
                      "success": {
                        "example": false,
                        "type": "boolean",
                      },
                    },
                  },
                ],
              },
            },
          },
          "description": "Error response (404)",
        },
      },
      "tags": [
        "SwaggerTest",
      ],
    },
  },
  "/swagger-test/create-user": {
    "post": {
      "operationId": "SwaggerTestController_createUserTyped",
      "parameters": [],
      "responses": {
        "201": {
          "content": {
            "application/json": {
              "schema": {
                "allOf": [
                  {
                    "$ref": "#/components/schemas/SafeSuccessResponseDto",
                  },
                  {
                    "properties": {
                      "data": {
                        "$ref": "#/components/schemas/UserDto",
                      },
                      "success": {
                        "example": true,
                        "type": "boolean",
                      },
                    },
                  },
                ],
              },
            },
          },
          "description": "User created",
        },
      },
      "tags": [
        "SwaggerTest",
      ],
    },
  },
  "/swagger-test/custom-code": {
    "get": {
      "operationId": "SwaggerTestController_customCode",
      "parameters": [],
      "responses": {
        "400": {
          "content": {
            "application/json": {
              "schema": {
                "allOf": [
                  {
                    "$ref": "#/components/schemas/SafeErrorResponseDto",
                  },
                  {
                    "properties": {
                      "error": {
                        "properties": {
                          "code": {
                            "example": "VALIDATION_ERROR",
                            "type": "string",
                          },
                          "message": {
                            "example": "Input validation failed",
                            "type": "string",
                          },
                        },
                        "type": "object",
                      },
                      "statusCode": {
                        "example": 400,
                        "type": "number",
                      },
                      "success": {
                        "example": false,
                        "type": "boolean",
                      },
                    },
                  },
                ],
              },
            },
          },
          "description": "Error response (400)",
        },
      },
      "tags": [
        "SwaggerTest",
      ],
    },
  },
  "/swagger-test/mixed": {
    "post": {
      "operationId": "SwaggerTestController_mixed",
      "parameters": [],
      "responses": {
        "400": {
          "content": {
            "application/json": {
              "schema": {
                "allOf": [
                  {
                    "$ref": "#/components/schemas/SafeErrorResponseDto",
                  },
                  {
                    "properties": {
                      "error": {
                        "properties": {
                          "code": {
                            "example": "BAD_REQUEST",
                            "type": "string",
                          },
                          "message": {
                            "example": "An error occurred",
                            "type": "string",
                          },
                        },
                        "type": "object",
                      },
                      "statusCode": {
                        "example": 400,
                        "type": "number",
                      },
                      "success": {
                        "example": false,
                        "type": "boolean",
                      },
                    },
                  },
                ],
              },
            },
          },
          "description": "Error response (400)",
        },
        "401": {
          "content": {
            "application/json": {
              "schema": {
                "allOf": [
                  {
                    "$ref": "#/components/schemas/SafeErrorResponseDto",
                  },
                  {
                    "properties": {
                      "error": {
                        "properties": {
                          "code": {
                            "example": "UNAUTHORIZED",
                            "type": "string",
                          },
                          "message": {
                            "example": "An error occurred",
                            "type": "string",
                          },
                        },
                        "type": "object",
                      },
                      "statusCode": {
                        "example": 401,
                        "type": "number",
                      },
                      "success": {
                        "example": false,
                        "type": "boolean",
                      },
                    },
                  },
                ],
              },
            },
          },
          "description": "Token expired",
        },
        "404": {
          "content": {
            "application/json": {
              "schema": {
                "allOf": [
                  {
                    "$ref": "#/components/schemas/SafeErrorResponseDto",
                  },
                  {
                    "properties": {
                      "error": {
                        "properties": {
                          "code": {
                            "example": "USER_NOT_FOUND",
                            "type": "string",
                          },
                          "message": {
                            "example": "User does not exist",
                            "type": "string",
                          },
                        },
                        "type": "object",
                      },
                      "statusCode": {
                        "example": 404,
                        "type": "number",
                      },
                      "success": {
                        "example": false,
                        "type": "boolean",
                      },
                    },
                  },
                ],
              },
            },
          },
          "description": "Error response (404)",
        },
      },
      "tags": [
        "SwaggerTest",
      ],
    },
  },
  "/swagger-test/paginated": {
    "get": {
      "operationId": "SwaggerTestController_paginated",
      "parameters": [],
      "responses": {
        "200": {
          "content": {
            "application/json": {
              "schema": {
                "allOf": [
                  {
                    "$ref": "#/components/schemas/SafeSuccessResponseDto",
                  },
                  {
                    "properties": {
                      "data": {
                        "items": {
                          "$ref": "#/components/schemas/UserDto",
                        },
                        "type": "array",
                      },
                      "meta": {
                        "properties": {
                          "pagination": {
                            "$ref": "#/components/schemas/PaginationMetaDto",
                          },
                        },
                      },
                      "success": {
                        "example": true,
                        "type": "boolean",
                      },
                    },
                  },
                ],
              },
            },
          },
          "description": "Paginated response",
        },
      },
      "tags": [
        "SwaggerTest",
      ],
    },
  },
  "/swagger-test/paginated-custom": {
    "get": {
      "operationId": "SwaggerTestController_paginatedCustom",
      "parameters": [],
      "responses": {
        "200": {
          "content": {
            "application/json": {
              "schema": {
                "allOf": [
                  {
                    "$ref": "#/components/schemas/SafeSuccessResponseDto",
                  },
                  {
                    "properties": {
                      "data": {
                        "items": {
                          "$ref": "#/components/schemas/UserDto",
                        },
                        "type": "array",
                      },
                      "meta": {
                        "properties": {
                          "pagination": {
                            "$ref": "#/components/schemas/PaginationMetaDto",
                          },
                        },
                      },
                      "success": {
                        "example": true,
                        "type": "boolean",
                      },
                    },
                  },
                ],
              },
            },
          },
          "description": "Paginated users",
        },
      },
      "tags": [
        "SwaggerTest",
      ],
    },
  },
  "/swagger-test/problem-details": {
    "get": {
      "operationId": "SwaggerTestController_problemDetails",
      "parameters": [],
      "responses": {
        "200": {
          "content": {
            "application/json": {
              "schema": {
                "allOf": [
                  {
                    "$ref": "#/components/schemas/SafeSuccessResponseDto",
                  },
                  {
                    "properties": {
                      "data": {
                        "$ref": "#/components/schemas/UserDto",
                      },
                      "success": {
                        "example": true,
                        "type": "boolean",
                      },
                    },
                  },
                ],
              },
            },
          },
          "description": "Successful response",
        },
        "400": {
          "content": {
            "application/problem+json": {
              "schema": {
                "$ref": "#/components/schemas/ProblemDetailsDto",
              },
            },
          },
          "description": "Problem Details (400)",
        },
        "404": {
          "content": {
            "application/problem+json": {
              "schema": {
                "$ref": "#/components/schemas/ProblemDetailsDto",
              },
            },
          },
          "description": "User not found (RFC 9457)",
        },
      },
      "tags": [
        "SwaggerTest",
      ],
    },
  },
  "/swagger-test/teapot": {
    "get": {
      "operationId": "SwaggerTestController_teapot",
      "parameters": [],
      "responses": {
        "418": {
          "content": {
            "application/json": {
              "schema": {
                "allOf": [
                  {
                    "$ref": "#/components/schemas/SafeErrorResponseDto",
                  },
                  {
                    "properties": {
                      "error": {
                        "properties": {
                          "code": {
                            "example": "INTERNAL_SERVER_ERROR",
                            "type": "string",
                          },
                          "message": {
                            "example": "An error occurred",
                            "type": "string",
                          },
                        },
                        "type": "object",
                      },
                      "statusCode": {
                        "example": 418,
                        "type": "number",
                      },
                      "success": {
                        "example": false,
                        "type": "boolean",
                      },
                    },
                  },
                ],
              },
            },
          },
          "description": "Error response (418)",
        },
      },
      "tags": [
        "SwaggerTest",
      ],
    },
  },
  "/swagger-test/user/{id}": {
    "get": {
      "operationId": "SwaggerTestController_findUser",
      "parameters": [],
      "responses": {
        "200": {
          "content": {
            "application/json": {
              "schema": {
                "allOf": [
                  {
                    "$ref": "#/components/schemas/SafeSuccessResponseDto",
                  },
                  {
                    "properties": {
                      "data": {
                        "$ref": "#/components/schemas/UserDto",
                      },
                      "success": {
                        "example": true,
                        "type": "boolean",
                      },
                    },
                  },
                ],
              },
            },
          },
          "description": "Successful response",
        },
        "404": {
          "content": {
            "application/json": {
              "schema": {
                "allOf": [
                  {
                    "$ref": "#/components/schemas/SafeErrorResponseDto",
                  },
                  {
                    "properties": {
                      "error": {
                        "properties": {
                          "code": {
                            "example": "NOT_FOUND",
                            "type": "string",
                          },
                          "message": {
                            "example": "An error occurred",
                            "type": "string",
                          },
                        },
                        "type": "object",
                      },
                      "statusCode": {
                        "example": 404,
                        "type": "number",
                      },
                      "success": {
                        "example": false,
                        "type": "boolean",
                      },
                    },
                  },
                ],
              },
            },
          },
          "description": "Error response (404)",
        },
      },
      "tags": [
        "SwaggerTest",
      ],
    },
  },
  "/swagger-test/users": {
    "post": {
      "operationId": "SwaggerTestController_createUser",
      "parameters": [],
      "responses": {
        "400": {
          "content": {
            "application/json": {
              "schema": {
                "allOf": [
                  {
                    "$ref": "#/components/schemas/SafeErrorResponseDto",
                  },
                  {
                    "properties": {
                      "error": {
                        "properties": {
                          "code": {
                            "example": "BAD_REQUEST",
                            "type": "string",
                          },
                          "message": {
                            "example": "An error occurred",
                            "type": "string",
                          },
                        },
                        "type": "object",
                      },
                      "statusCode": {
                        "example": 400,
                        "type": "number",
                      },
                      "success": {
                        "example": false,
                        "type": "boolean",
                      },
                    },
                  },
                ],
              },
            },
          },
          "description": "Error response (400)",
        },
        "401": {
          "content": {
            "application/json": {
              "schema": {
                "allOf": [
                  {
                    "$ref": "#/components/schemas/SafeErrorResponseDto",
                  },
                  {
                    "properties": {
                      "error": {
                        "properties": {
                          "code": {
                            "example": "UNAUTHORIZED",
                            "type": "string",
                          },
                          "message": {
                            "example": "An error occurred",
                            "type": "string",
                          },
                        },
                        "type": "object",
                      },
                      "statusCode": {
                        "example": 401,
                        "type": "number",
                      },
                      "success": {
                        "example": false,
                        "type": "boolean",
                      },
                    },
                  },
                ],
              },
            },
          },
          "description": "Error response (401)",
        },
        "409": {
          "content": {
            "application/json": {
              "schema": {
                "allOf": [
                  {
                    "$ref": "#/components/schemas/SafeErrorResponseDto",
                  },
                  {
                    "properties": {
                      "error": {
                        "properties": {
                          "code": {
                            "example": "CONFLICT",
                            "type": "string",
                          },
                          "message": {
                            "example": "An error occurred",
                            "type": "string",
                          },
                        },
                        "type": "object",
                      },
                      "statusCode": {
                        "example": 409,
                        "type": "number",
                      },
                      "success": {
                        "example": false,
                        "type": "boolean",
                      },
                    },
                  },
                ],
              },
            },
          },
          "description": "Error response (409)",
        },
      },
      "tags": [
        "SwaggerTest",
      ],
    },
  },
  "/swagger-test/validate": {
    "post": {
      "operationId": "SwaggerTestController_validate",
      "parameters": [],
      "responses": {
        "400": {
          "content": {
            "application/json": {
              "schema": {
                "allOf": [
                  {
                    "$ref": "#/components/schemas/SafeErrorResponseDto",
                  },
                  {
                    "properties": {
                      "error": {
                        "properties": {
                          "code": {
                            "example": "VALIDATION_ERROR",
                            "type": "string",
                          },
                          "details": {
                            "example": [
                              "email must be an email",
                              "name should not be empty",
                            ],
                            "items": {
                              "type": "string",
                            },
                            "type": "array",
                          },
                          "message": {
                            "example": "Input validation failed",
                            "type": "string",
                          },
                        },
                        "type": "object",
                      },
                      "statusCode": {
                        "example": 400,
                        "type": "number",
                      },
                      "success": {
                        "example": false,
                        "type": "boolean",
                      },
                    },
                  },
                ],
              },
            },
          },
          "description": "Validation failed",
        },
      },
      "tags": [
        "SwaggerTest",
      ],
    },
  },
  "/swagger-test/validate-object": {
    "post": {
      "operationId": "SwaggerTestController_validateObject",
      "parameters": [],
      "responses": {
        "400": {
          "content": {
            "application/json": {
              "schema": {
                "allOf": [
                  {
                    "$ref": "#/components/schemas/SafeErrorResponseDto",
                  },
                  {
                    "properties": {
                      "error": {
                        "properties": {
                          "code": {
                            "example": "BAD_REQUEST",
                            "type": "string",
                          },
                          "details": {
                            "example": {
                              "email": [
                                "must be an email",
                              ],
                              "name": [
                                "should not be empty",
                              ],
                            },
                            "type": "object",
                          },
                          "message": {
                            "example": "An error occurred",
                            "type": "string",
                          },
                        },
                        "type": "object",
                      },
                      "statusCode": {
                        "example": 400,
                        "type": "number",
                      },
                      "success": {
                        "example": false,
                        "type": "boolean",
                      },
                    },
                  },
                ],
              },
            },
          },
          "description": "Error response (400)",
        },
      },
      "tags": [
        "SwaggerTest",
      ],
    },
  },
  "/swagger-test/validate-object-array": {
    "post": {
      "operationId": "SwaggerTestController_validateObjectArray",
      "parameters": [],
      "responses": {
        "400": {
          "content": {
            "application/json": {
              "schema": {
                "allOf": [
                  {
                    "$ref": "#/components/schemas/SafeErrorResponseDto",
                  },
                  {
                    "properties": {
                      "error": {
                        "properties": {
                          "code": {
                            "example": "BAD_REQUEST",
                            "type": "string",
                          },
                          "details": {
                            "example": [
                              {
                                "field": "email",
                                "message": "must be an email",
                              },
                            ],
                            "items": {
                              "type": "object",
                            },
                            "type": "array",
                          },
                          "message": {
                            "example": "An error occurred",
                            "type": "string",
                          },
                        },
                        "type": "object",
                      },
                      "statusCode": {
                        "example": 400,
                        "type": "number",
                      },
                      "success": {
                        "example": false,
                        "type": "boolean",
                      },
                    },
                  },
                ],
              },
            },
          },
          "description": "Error response (400)",
        },
      },
      "tags": [
        "SwaggerTest",
      ],
    },
  },
}
`;
